
> backend@0.0.1 build
> nest build

npm : [96msrc/job-offers/dto/update-job-offer.dto.ts[0m:[93m1[0m:[93m29[0m - [91merror[0m[90m TS2307: 
[0mCannot find module '@nestjs/mapped-types' or its corresponding type declarations.
Au caractère Ligne:1 : 1
+ npm run build > build_output.txt 2>&1
+ ~~~~~~~~~~~~~~~~~~~~~~~~~~~~~~~~~~~~~
    + CategoryInfo          : NotSpecified: ([96msrc/job-of...e declarations.:String) [], RemoteException
    + FullyQualifiedErrorId : NativeCommandError
 

[7m1[0m import { PartialType } from '@nestjs/mapped-types';
[7m [0m [91m                            ~~~~~~~~~~~~~~~~~~~~~~[0m
[96msrc/job-offers/job-offer.service.ts[0m:[93m174[0m:[93m27[0m - [91merror[0m[90m TS2339: [0mProperty 
'salaryMin' does not exist on type 'UpdateJobOfferDto'.

[7m174[0m     const salaryMin = dto.salaryMin !== undefined ? dto.salaryMin : offer.salaryMin;
[7m   [0m [91m                          ~~~~~~~~~[0m
[96msrc/job-offers/job-offer.service.ts[0m:[93m174[0m:[93m57[0m - [91merror[0m[90m TS2339: [0mProperty 
'salaryMin' does not exist on type 'UpdateJobOfferDto'.

[7m174[0m     const salaryMin = dto.salaryMin !== undefined ? dto.salaryMin : offer.salaryMin;
[7m   [0m [91m                                                        ~~~~~~~~~[0m
[96msrc/job-offers/job-offer.service.ts[0m:[93m175[0m:[93m27[0m - [91merror[0m[90m TS2339: [0mProperty 
'salaryMax' does not exist on type 'UpdateJobOfferDto'.

[7m175[0m     const salaryMax = dto.salaryMax !== undefined ? dto.salaryMax : offer.salaryMax;
[7m   [0m [91m                          ~~~~~~~~~[0m
[96msrc/job-offers/job-offer.service.ts[0m:[93m175[0m:[93m57[0m - [91merror[0m[90m TS2339: [0mProperty 
'salaryMax' does not exist on type 'UpdateJobOfferDto'.

[7m175[0m     const salaryMax = dto.salaryMax !== undefined ? dto.salaryMax : offer.salaryMax;
[7m   [0m [91m                                                        ~~~~~~~~~[0m
[96msrc/job-offers/job-offer.service.ts[0m:[93m184[0m:[93m13[0m - [91merror[0m[90m TS2339: [0mProperty 
'jobRoleLevelId' does not exist on type 'UpdateJobOfferDto'.

[7m184[0m     if (dto.jobRoleLevelId !== undefined) {
[7m   [0m [91m            ~~~~~~~~~~~~~~[0m
[96msrc/job-offers/job-offer.service.ts[0m:[93m186[0m:[93m23[0m - [91merror[0m[90m TS2339: [0mProperty 
'jobRoleLevelId' does not exist on type 'UpdateJobOfferDto'.

[7m186[0m       params.push(dto.jobRoleLevelId);
[7m   [0m [91m                      ~~~~~~~~~~~~~~[0m
[96msrc/job-offers/job-offer.service.ts[0m:[93m188[0m:[93m13[0m - [91merror[0m[90m TS2339: [0mProperty 
'title' does not exist on type 'UpdateJobOfferDto'.

[7m188[0m     if (dto.title !== undefined) {
[7m   [0m [91m            ~~~~~[0m
[96msrc/job-offers/job-offer.service.ts[0m:[93m190[0m:[93m23[0m - [91merror[0m[90m TS2339: [0mProperty 
'title' does not exist on type 'UpdateJobOfferDto'.

[7m190[0m       params.push(dto.title);
[7m   [0m [91m                      ~~~~~[0m
[96msrc/job-offers/job-offer.service.ts[0m:[93m192[0m:[93m13[0m - [91merror[0m[90m TS2339: [0mProperty 
'description' does not exist on type 'UpdateJobOfferDto'.

[7m192[0m     if (dto.description !== undefined) {
[7m   [0m [91m            ~~~~~~~~~~~[0m
[96msrc/job-offers/job-offer.service.ts[0m:[93m194[0m:[93m23[0m - [91merror[0m[90m TS2339: [0mProperty 
'description' does not exist on type 'UpdateJobOfferDto'.

[7m194[0m       params.push(dto.description);
[7m   [0m [91m                      ~~~~~~~~~~~[0m
[96msrc/job-offers/job-offer.service.ts[0m:[93m196[0m:[93m13[0m - [91merror[0m[90m TS2339: [0mProperty 
'contractType' does not exist on type 'UpdateJobOfferDto'.

[7m196[0m     if (dto.contractType !== undefined) {
[7m   [0m [91m            ~~~~~~~~~~~~[0m
[96msrc/job-offers/job-offer.service.ts[0m:[93m198[0m:[93m23[0m - [91merror[0m[90m TS2339: [0mProperty 
'contractType' does not exist on type 'UpdateJobOfferDto'.

[7m198[0m       params.push(dto.contractType);
[7m   [0m [91m                      ~~~~~~~~~~~~[0m
[96msrc/job-offers/job-offer.service.ts[0m:[93m200[0m:[93m13[0m - [91merror[0m[90m TS2339: [0mProperty 
'workMode' does not exist on type 'UpdateJobOfferDto'.

[7m200[0m     if (dto.workMode !== undefined) {
[7m   [0m [91m            ~~~~~~~~[0m
[96msrc/job-offers/job-offer.service.ts[0m:[93m202[0m:[93m23[0m - [91merror[0m[90m TS2339: [0mProperty 
'workMode' does not exist on type 'UpdateJobOfferDto'.

[7m202[0m       params.push(dto.workMode);
[7m   [0m [91m                      ~~~~~~~~[0m
[96msrc/job-offers/job-offer.service.ts[0m:[93m204[0m:[93m13[0m - [91merror[0m[90m TS2339: [0mProperty 
'salaryMin' does not exist on type 'UpdateJobOfferDto'.

[7m204[0m     if (dto.salaryMin !== undefined) {
[7m   [0m [91m            ~~~~~~~~~[0m
[96msrc/job-offers/job-offer.service.ts[0m:[93m206[0m:[93m23[0m - [91merror[0m[90m TS2339: [0mProperty 
'salaryMin' does not exist on type 'UpdateJobOfferDto'.

[7m206[0m       params.push(dto.salaryMin);
[7m   [0m [91m                      ~~~~~~~~~[0m
[96msrc/job-offers/job-offer.service.ts[0m:[93m208[0m:[93m13[0m - [91merror[0m[90m TS2339: [0mProperty 
'salaryMax' does not exist on type 'UpdateJobOfferDto'.

[7m208[0m     if (dto.salaryMax !== undefined) {
[7m   [0m [91m            ~~~~~~~~~[0m
[96msrc/job-offers/job-offer.service.ts[0m:[93m210[0m:[93m23[0m - [91merror[0m[90m TS2339: [0mProperty 
'salaryMax' does not exist on type 'UpdateJobOfferDto'.

[7m210[0m       params.push(dto.salaryMax);
[7m   [0m [91m                      ~~~~~~~~~[0m
[96msrc/job-offers/job-offer.service.ts[0m:[93m212[0m:[93m13[0m - [91merror[0m[90m TS2339: [0mProperty 
'currency' does not exist on type 'UpdateJobOfferDto'.

[7m212[0m     if (dto.currency !== undefined) {
[7m   [0m [91m            ~~~~~~~~[0m
[96msrc/job-offers/job-offer.service.ts[0m:[93m214[0m:[93m23[0m - [91merror[0m[90m TS2339: [0mProperty 
'currency' does not exist on type 'UpdateJobOfferDto'.

[7m214[0m       params.push(dto.currency);
[7m   [0m [91m                      ~~~~~~~~[0m
[96msrc/job-offers/job-offer.service.ts[0m:[93m216[0m:[93m13[0m - [91merror[0m[90m TS2339: [0mProperty 
'openingsCount' does not exist on type 'UpdateJobOfferDto'.

[7m216[0m     if (dto.openingsCount !== undefined) {
[7m   [0m [91m            ~~~~~~~~~~~~~[0m
[96msrc/job-offers/job-offer.service.ts[0m:[93m218[0m:[93m23[0m - [91merror[0m[90m TS2339: [0mProperty 
'openingsCount' does not exist on type 'UpdateJobOfferDto'.

[7m218[0m       params.push(dto.openingsCount);
[7m   [0m [91m                      ~~~~~~~~~~~~~[0m
[96msrc/job-offers/job-offer.service.ts[0m:[93m220[0m:[93m13[0m - [91merror[0m[90m TS2339: [0mProperty 
'hiringManager' does not exist on type 'UpdateJobOfferDto'.

[7m220[0m     if (dto.hiringManager !== undefined) {
[7m   [0m [91m            ~~~~~~~~~~~~~[0m
[96msrc/job-offers/job-offer.service.ts[0m:[93m222[0m:[93m35[0m - [91merror[0m[90m TS2339: [0mProperty 
'hiringManager' does not exist on type 'UpdateJobOfferDto'.

[7m222[0m       params.push(this.isUuid(dto.hiringManager) ? dto.hiringManager : null);
[7m   [0m [91m                                  ~~~~~~~~~~~~~[0m
[96msrc/job-offers/job-offer.service.ts[0m:[93m222[0m:[93m56[0m - [91merror[0m[90m TS2339: [0mProperty 
'hiringManager' does not exist on type 'UpdateJobOfferDto'.

[7m222[0m       params.push(this.isUuid(dto.hiringManager) ? dto.hiringManager : null);
[7m   [0m [91m                                                       ~~~~~~~~~~~~~[0m
[96msrc/job-offers/job-offer.service.ts[0m:[93m224[0m:[93m13[0m - [91merror[0m[90m TS2339: [0mProperty 
'deadline' does not exist on type 'UpdateJobOfferDto'.

[7m224[0m     if (dto.deadline !== undefined) {
[7m   [0m [91m            ~~~~~~~~[0m
[96msrc/job-offers/job-offer.service.ts[0m:[93m226[0m:[93m23[0m - [91merror[0m[90m TS2339: [0mProperty 
'deadline' does not exist on type 'UpdateJobOfferDto'.

[7m226[0m       params.push(dto.deadline ? new Date(dto.deadline) : null);
[7m   [0m [91m                      ~~~~~~~~[0m
[96msrc/job-offers/job-offer.service.ts[0m:[93m226[0m:[93m47[0m - [91merror[0m[90m TS2339: [0mProperty 
'deadline' does not exist on type 'UpdateJobOfferDto'.

[7m226[0m       params.push(dto.deadline ? new Date(dto.deadline) : null);
[7m   [0m [91m                                              ~~~~~~~~[0m
[96msrc/job-offers/job-offer.service.ts[0m:[93m228[0m:[93m13[0m - [91merror[0m[90m TS2339: [0mProperty 
'visibility' does not exist on type 'UpdateJobOfferDto'.

[7m228[0m     if (dto.visibility !== undefined) {
[7m   [0m [91m            ~~~~~~~~~~[0m
[96msrc/job-offers/job-offer.service.ts[0m:[93m230[0m:[93m23[0m - [91merror[0m[90m TS2339: [0mProperty 
'visibility' does not exist on type 'UpdateJobOfferDto'.

[7m230[0m       params.push(dto.visibility);
[7m   [0m [91m                      ~~~~~~~~~~[0m
[96msrc/job-offers/job-offer.service.ts[0m:[93m232[0m:[93m13[0m - [91merror[0m[90m TS2339: [0mProperty 
'status' does not exist on type 'UpdateJobOfferDto'.

[7m232[0m     if (dto.status !== undefined) {
[7m   [0m [91m            ~~~~~~[0m
[96msrc/job-offers/job-offer.service.ts[0m:[93m234[0m:[93m23[0m - [91merror[0m[90m TS2339: [0mProperty 
'status' does not exist on type 'UpdateJobOfferDto'.

Found 33 error(s).
[7m234[0m       params.push(dto.status);
[7m   [0m [91m                      ~~~~~~[0m


